// Jest Snapshot v1, https://goo.gl/fbAQLP

exports[`Ingredient should match a snapshot with all data passed in 1`] = `
<div
  className="ingredient-list"
>
  <h4
    className="not-selected"
    onClick={[Function]}
  >
    Banana
  </h4>
</div>
`;
